// Jest Snapshot v1, https://goo.gl/fbAQLP

exports[`snapshot for Search component frontend snapshot 1`] = `
<div
  data-testid="searchTest"
  style={
    Object {
      "boxSizing": "border-box",
      "marginLeft": "auto",
      "marginRight": "auto",
      "paddingLeft": 15,
      "paddingRight": 15,
      "position": "relative",
    }
  }
>
  <form
    className=""
    onSubmit={[Function]}
  >
    <input
      className="searchBar form-control"
      onChange={[Function]}
      placeholder="Search..."
      type="text"
    />
    <br />
    <div
      className="filterSearchBox"
    >
      <h3
        className="filterHeading"
      >
        Filter
      </h3>
      <div
        className="form-check form-check-inline"
      >
        <input
          className="form-check-input"
          onClick={[Function]}
          type="radio"
          value="movie"
        />
        <label
          className="form-check-label"
        >
          Movie
        </label>
      </div>
      <div
        className="form-check form-check-inline"
      >
        <input
          className="form-check-input"
          onClick={[Function]}
          type="radio"
          value="podcast"
        />
        <label
          className="form-check-label"
        >
          Podcast
        </label>
      </div>
      <div
        className="form-check form-check-inline"
      >
        <input
          className="form-check-input"
          onClick={[Function]}
          type="radio"
          value="music"
        />
        <label
          className="form-check-label"
        >
          Music
        </label>
      </div>
      <div
        className="form-check form-check-inline"
      >
        <input
          className="form-check-input"
          onClick={[Function]}
          type="radio"
          value="musicVideo"
        />
        <label
          className="form-check-label"
        >
          Music Video
        </label>
      </div>
      <div
        className="form-check form-check-inline"
      >
        <input
          className="form-check-input"
          onClick={[Function]}
          type="radio"
          value="audiobook"
        />
        <label
          className="form-check-label"
        >
          Audio Book
        </label>
      </div>
      <div
        className="form-check form-check-inline"
      >
        <input
          className="form-check-input"
          onClick={[Function]}
          type="radio"
          value="shortFilm"
        />
        <label
          className="form-check-label"
        >
          Short Film
        </label>
      </div>
      <div
        className="form-check form-check-inline"
      >
        <input
          className="form-check-input"
          onClick={[Function]}
          type="radio"
          value="tvShow"
        />
        <label
          className="form-check-label"
        >
          TV Show
        </label>
      </div>
      <div
        className="form-check form-check-inline"
      >
        <input
          className="form-check-input"
          onClick={[Function]}
          type="radio"
          value="software"
        />
        <label
          className="form-check-label"
        >
          Software
        </label>
      </div>
      <div
        className="form-check form-check-inline"
      >
        <input
          className="form-check-input"
          onClick={[Function]}
          type="radio"
          value="ebook"
        />
        <label
          className="form-check-label"
        >
          eBook
        </label>
      </div>
    </div>
    <br />
    <button
      className="searchButton btn btn-primary"
      disabled={false}
      type="submit"
    >
      Search 
      <svg
        aria-hidden={true}
        className="MuiSvgIcon-root MuiSvgIcon-fontSizeSmall css-ptiqhd-MuiSvgIcon-root"
        data-testid="SearchIcon"
        focusable="false"
        viewBox="0 0 24 24"
      >
        <path
          d="M15.5 14h-.79l-.28-.27C15.41 12.59 16 11.11 16 9.5 16 5.91 13.09 3 9.5 3S3 5.91 3 9.5 5.91 16 9.5 16c1.61 0 3.09-.59 4.23-1.57l.27.28v.79l5 4.99L20.49 19l-4.99-5zm-6 0C7.01 14 5 11.99 5 9.5S7.01 5 9.5 5 14 7.01 14 9.5 11.99 14 9.5 14z"
        />
      </svg>
    </button>
  </form>
  <span
    style={
      Object {
        "clear": "both",
        "display": "table",
      }
    }
  />
</div>
`;
